.                                        | ΓÇëWARNΓÇë Unsupported engine: wanted: {"node":"20.x"} (current: {"node":"v22.17.0","pnpm":"9.15.9"})

> eiat@0.1.0 build C:\Users\user\OneDrive\Desktop\new eiat\eiat-master\packages\eiat-site
> next build

   Γû▓ Next.js 15.3.8
   - Environments: .env.local, .env
   - Experiments (use with caution):
     Γ£ô externalDir

   Creating an optimized production build ...
pnpm :  ΓÜá Compiled with warnings in 8.0s
At line:1 char:1
+ pnpm --filter eiat build > build_output.txt 2>&1 ; Get-Content build_ ...
+ ~~~~~~~~~~~~~~~~~~~~~~~~~~~~~~~~~~~~~~~~~~~~~~~~
    + CategoryInfo          : NotSpecified: ( ΓÜá Compiled with warnings in 8.0s:String) [], RemoteException
    + FullyQualifiedErrorId : NativeCommandError
 

../sanity-studio/plugins/whatsapp-tool/WhatsAppTool.tsx
Critical dependency: Accessing import.meta directly is unsupported (only property access or destructuring is supported)

Import trace for requested module:
../sanity-studio/plugins/whatsapp-tool/WhatsAppTool.tsx
../sanity-studio/plugins/whatsapp-tool/index.ts
./sanity.config.ts
./app/studio/[[...index]]/page.tsx

 ΓÜá Compiled with warnings in 4.0s

../sanity-studio/plugins/whatsapp-tool/WhatsAppTool.tsx
Critical dependency: Accessing import.meta directly is unsupported (only property access or destructuring is supported)

Import trace for requested module:
../sanity-studio/plugins/whatsapp-tool/WhatsAppTool.tsx
../sanity-studio/plugins/whatsapp-tool/index.ts
./sanity.config.ts
./app/studio/[[...index]]/page.tsx

 Γ£ô Compiled successfully in 12.0s
   Linting and checking validity of types ...

Failed to compile.

./app/api/whatsapp/send/route.ts
184:47  Error: Unexpected any. Specify a different type.  @typescript-eslint/no-explicit-any
186:52  Error: Unexpected any. Specify a different type.  @typescript-eslint/no-explicit-any
193:46  Error: Unexpected any. Specify a different type.  @typescript-eslint/no-explicit-any

./app/api/whatsapp/send-media/route.ts
21:38  Error: Unexpected any. Specify a different type.  @typescript-eslint/no-explicit-any

./app/layout.tsx
60:21  Warning: Using `<img>` could result in slower LCP and higher bandwidth. Consider using `<Image />` from 
`next/image` or a custom image loader to automatically optimize images. This may incur additional usage or cost from 
your provider. See: https://nextjs.org/docs/messages/no-img-element  @next/next/no-img-element

./components/before-after-section.tsx
112:27  Warning: Using `<img>` could result in slower LCP and higher bandwidth. Consider using `<Image />` from 
`next/image` or a custom image loader to automatically optimize images. This may incur additional usage or cost from 
your provider. See: https://nextjs.org/docs/messages/no-img-element  @next/next/no-img-element
122:27  Warning: Using `<img>` could result in slower LCP and higher bandwidth. Consider using `<Image />` from 
`next/image` or a custom image loader to automatically optimize images. This may incur additional usage or cost from 
your provider. See: https://nextjs.org/docs/messages/no-img-element  @next/next/no-img-element

info  - Need to disable some ESLint rules? Learn more here: 
https://nextjs.org/docs/app/api-reference/config/eslint#disabling-rules
C:\Users\user\OneDrive\Desktop\new eiat\eiat-master\packages\eiat-site:
ΓÇëERR_PNPM_RECURSIVE_RUN_FIRST_FAILΓÇë eiat@0.1.0 build: `next build`
Exit status 1
